Загружено кодов из xlsx: 46
Загружено строк выписки: 766

=== Распределение по кодам (dry-run отчёт) ===
  7.1    Комиссия банка Альфа банк                —  378 шт.
  13.3   Дизайнеры, РП, Художники                 —   68 шт.
  13.8   Прочее                                   —   67 шт.
  2.1    Казначейство                             —   52 шт.
  1.5    Оснащение офиса                          —   18 шт.
  10.2   БИТРИКС                                  —   16 шт.
  1.1    АРЕНДА                                   —   15 шт.
  13.1   Ролики (PreRoll)                         —   15 шт.
  11.4   Оплата агенству за освоение бюджета      —   14 шт.
  12.1   Выставки                                 —   12 шт.
  2.2    УФК                                      —   11 шт.
  1.2    СЧЕТЧИКИ                                 —    8 шт.
  11.5   Разработка сайта Потолкуем ?             —    8 шт.
  1.9    Канцелярия                               —    7 шт.
  11.1   Пополнение кабинетов  СМБ Сервис         —    7 шт.
  13.7   Сигнальные образцы                       —    7 шт.
  13.6   Типографии (лифлеты)                     —    6 шт.
  6.1    ПО (Битрикс, 1с, касса)                  —    5 шт.
  11.2   Пополнение кабинетов  ВК                 —    5 шт.
  11.3   Пополнение кабинетов  Телекот            —    5 шт.
  13.4   Типографии (тираж)                       —    5 шт.
  5.1    Склад                                    —    5 шт.
  11.6   Прочее                                   —    4 шт.
  3.1    Командировки (расходы на перелет, гостиницы и т.д.) —    4 шт.
  4.1    Расходы на юристов (пантент и т.д.)      —    3 шт.
  8.1    Договор аренды                           —    3 шт.
  1.6    Интернет                                 —    3 шт.
  1.7    Сервисное обслуживание офисной техники   —    3 шт.
  9.1    Расходы (Звенигород)                     —    2 шт.
  1.8    Почта YANDEX                             —    2 шт.
  12.5   Прочее  (транспорт и т.д.)               —    2 шт.
  13.2   Копирайтер                               —    2 шт.
  6.2    Контур                                   —    2 шт.
  12.4   Фото/Видео (съёмки)                      —    1 шт.
  1.12   Кофе                                     —    1 шт.

В 'Прочее/13.8' (неопознанные) попало: 67 из 766 (8.7%)

=== EXECUTE — пишу в Б24 ===

Импортирую 732 строк выписки в СП 1080 (пропущено первых 34)...
  ...10/732 (ok=10, err=0)
  ...20/732 (ok=20, err=0)
  ...30/732 (ok=30, err=0)
  ...40/732 (ok=40, err=0)
  ...50/732 (ok=50, err=0)
  ...60/732 (ok=60, err=0)
  ...70/732 (ok=70, err=0)
  ...80/732 (ok=80, err=0)
  ...90/732 (ok=90, err=0)
  ...100/732 (ok=100, err=0)
  ...110/732 (ok=110, err=0)
  ...120/732 (ok=120, err=0)
  ...130/732 (ok=130, err=0)
  ...140/732 (ok=140, err=0)
  ...150/732 (ok=150, err=0)
  ...160/732 (ok=160, err=0)
  ...170/732 (ok=170, err=0)
  ...180/732 (ok=180, err=0)
  ...190/732 (ok=190, err=0)
  ...200/732 (ok=200, err=0)
  ...210/732 (ok=210, err=0)
  ...220/732 (ok=220, err=0)
  ...230/732 (ok=230, err=0)
  ...240/732 (ok=240, err=0)
  ...250/732 (ok=250, err=0)
  ...260/732 (ok=260, err=0)
  ...270/732 (ok=270, err=0)
  ...280/732 (ok=280, err=0)
  ...290/732 (ok=290, err=0)
  ...300/732 (ok=300, err=0)
  ...310/732 (ok=310, err=0)
  ...320/732 (ok=320, err=0)
  ...330/732 (ok=330, err=0)
  ...340/732 (ok=340, err=0)
  ...350/732 (ok=350, err=0)
  ...360/732 (ok=360, err=0)
  ...370/732 (ok=370, err=0)
  ...380/732 (ok=380, err=0)
  ...390/732 (ok=390, err=0)
  ...400/732 (ok=400, err=0)
  ...410/732 (ok=410, err=0)
  ...420/732 (ok=420, err=0)
  ...430/732 (ok=430, err=0)
  ...440/732 (ok=440, err=0)
  ...450/732 (ok=450, err=0)
  ...460/732 (ok=460, err=0)
  ...470/732 (ok=470, err=0)
  ...480/732 (ok=480, err=0)
  ...490/732 (ok=490, err=0)
  ...500/732 (ok=500, err=0)
  ...510/732 (ok=510, err=0)
  ...520/732 (ok=520, err=0)
  ...530/732 (ok=530, err=0)
  ...540/732 (ok=540, err=0)
  ...550/732 (ok=550, err=0)
  ...560/732 (ok=560, err=0)
  ...570/732 (ok=570, err=0)
  ...580/732 (ok=580, err=0)
  ...590/732 (ok=590, err=0)
  ...600/732 (ok=600, err=0)
  ...610/732 (ok=610, err=0)
  ...620/732 (ok=620, err=0)
  ...630/732 (ok=630, err=0)
  ...640/732 (ok=640, err=0)
  ...650/732 (ok=650, err=0)
  ...660/732 (ok=660, err=0)
  ...670/732 (ok=670, err=0)
  ...680/732 (ok=680, err=0)
  ...690/732 (ok=690, err=0)
  ...700/732 (ok=700, err=0)
  ...710/732 (ok=710, err=0)
  ...720/732 (ok=720, err=0)
  ...730/732 (ok=730, err=0)
Готово: 732 создано, 0 ошибок.
